23:00:28 **** Build of configuration Debug for project demo_01 ****
make pre-build main-build 
a9-linaro-pre-build-step
' '
'Building file: ../src/MyDispDemo1.cc'
'Invoking: ARM v7 g++ compiler'
arm-none-eabi-g++ -Wall -O0 -g3 -c -fmessage-length=0 -MT"src/MyDispDemo1.o" -mcpu=cortex-a9 -mfpu=vfpv3 -mfloat-abi=hard -I../../standalone_bsp_0/ps7_cortexa9_0/include -MMD -MP -MF"src/MyDispDemo1.d" -MT"src/MyDispDemo1.o" -o "src/MyDispDemo1.o" "../src/MyDispDemo1.cc"
'Finished building: ../src/MyDispDemo1.cc'
' '
'Building file: ../src/main.cc'
'Invoking: ARM v7 g++ compiler'
arm-none-eabi-g++ -Wall -O0 -g3 -c -fmessage-length=0 -MT"src/main.o" -mcpu=cortex-a9 -mfpu=vfpv3 -mfloat-abi=hard -I../../standalone_bsp_0/ps7_cortexa9_0/include -MMD -MP -MF"src/main.d" -MT"src/main.o" -o "src/main.o" "../src/main.cc"
'Finished building: ../src/main.cc'
' '
'Building target: demo_01.elf'
'Invoking: ARM v7 g++ linker'
arm-none-eabi-g++ -mcpu=cortex-a9 -mfpu=vfpv3 -mfloat-abi=hard -Wl,-build-id=none -specs=Xilinx.spec -Wl,-T -Wl,../src/lscript.ld -L../../standalone_bsp_0/ps7_cortexa9_0/lib -o "demo_01.elf"  ./src/MyDispDemo1.o ./src/main.o   -Wl,--start-group,-lxil,-lgcc,-lc,-lstdc++,--end-group
'Finished building target: demo_01.elf'
' '
'Invoking: ARM v7 Print Size'
arm-none-eabi-size demo_01.elf  |tee "demo_01.elf.size"
   text	   data	    bss	    dec	    hex	filename
  66996	   2648	  24752	  94396	  170bc	demo_01.elf
'Finished building: demo_01.elf.size'
' '

23:00:30 Build Finished (took 2s.82ms)

