05:56:23 **** Auto Build of configuration Debug for project dtw_example_03 ****
make pre-build main-build 
a9-linaro-pre-build-step
' '
'Building file: ../src/dtw_example_03.cc'
'Invoking: ARM v7 g++ compiler'
arm-none-eabi-g++ -Wall -O0 -g3 -c -fmessage-length=0 -MT"src/dtw_example_03.o" -mcpu=cortex-a9 -mfpu=vfpv3 -mfloat-abi=hard -I../../standalone_bsp_0/ps7_cortexa9_0/include -MMD -MP -MF"src/dtw_example_03.d" -MT"src/dtw_example_03.o" -o "src/dtw_example_03.o" "../src/dtw_example_03.cc"
'Finished building: ../src/dtw_example_03.cc'
' '
'Building file: ../src/main.cc'
'Invoking: ARM v7 g++ compiler'
arm-none-eabi-g++ -Wall -O0 -g3 -c -fmessage-length=0 -MT"src/main.o" -mcpu=cortex-a9 -mfpu=vfpv3 -mfloat-abi=hard -I../../standalone_bsp_0/ps7_cortexa9_0/include -MMD -MP -MF"src/main.d" -MT"src/main.o" -o "src/main.o" "../src/main.cc"
'Finished building: ../src/main.cc'
' '
'Building target: dtw_example_03.elf'
'Invoking: ARM v7 g++ linker'
arm-none-eabi-g++ -mcpu=cortex-a9 -mfpu=vfpv3 -mfloat-abi=hard -Wl,-build-id=none -specs=Xilinx.spec -Wl,-T -Wl,../src/lscript.ld -L../../standalone_bsp_0/ps7_cortexa9_0/lib -o "dtw_example_03.elf"  ./src/dtw_example_03.o ./src/main.o   -Wl,--start-group,-lxil,-lgcc,-lc,-lstdc++,--end-group
'Finished building target: dtw_example_03.elf'
' '
'Invoking: ARM v7 Print Size'
arm-none-eabi-size dtw_example_03.elf  |tee "dtw_example_03.elf.size"
   text	   data	    bss	    dec	    hex	filename
  39484	   2584	  23328	  65396	   ff74	dtw_example_03.elf
'Finished building: dtw_example_03.elf.size'
' '

05:56:25 Build Finished (took 1s.550ms)

