23:00:25 **** Build of configuration Debug for project dtw_05 ****
make pre-build main-build 
a9-linaro-pre-build-step
' '
'Building file: ../src/dtw_05.cc'
'Invoking: ARM v7 g++ compiler'
arm-none-eabi-g++ -Wall -O0 -g3 -c -fmessage-length=0 -MT"src/dtw_05.o" -mcpu=cortex-a9 -mfpu=vfpv3 -mfloat-abi=hard -I../../standalone_bsp_0/ps7_cortexa9_0/include -MMD -MP -MF"src/dtw_05.d" -MT"src/dtw_05.o" -o "src/dtw_05.o" "../src/dtw_05.cc"
../src/dtw_05.cc:94:12: warning: 'led_data' defined but not used [-Wunused-variable]
 static int led_data;
            ^~~~~~~~
'Finished building: ../src/dtw_05.cc'
' '
'Building file: ../src/main.cc'
'Invoking: ARM v7 g++ compiler'
arm-none-eabi-g++ -Wall -O0 -g3 -c -fmessage-length=0 -MT"src/main.o" -mcpu=cortex-a9 -mfpu=vfpv3 -mfloat-abi=hard -I../../standalone_bsp_0/ps7_cortexa9_0/include -MMD -MP -MF"src/main.d" -MT"src/main.o" -o "src/main.o" "../src/main.cc"
'Finished building: ../src/main.cc'
' '
'Building target: dtw_05.elf'
'Invoking: ARM v7 g++ linker'
arm-none-eabi-g++ -mcpu=cortex-a9 -mfpu=vfpv3 -mfloat-abi=hard -Wl,-build-id=none -specs=Xilinx.spec -Wl,-T -Wl,../src/lscript.ld -L../../standalone_bsp_0/ps7_cortexa9_0/lib -o "dtw_05.elf"  ./src/dtw_05.o ./src/main.o   -Wl,--start-group,-lxil,-lgcc,-lc,-lstdc++,--end-group
'Finished building target: dtw_05.elf'
' '
'Invoking: ARM v7 Print Size'
arm-none-eabi-size dtw_05.elf  |tee "dtw_05.elf.size"
   text	   data	    bss	    dec	    hex	filename
  76712	   3461	  23676	 103849	  195a9	dtw_05.elf
'Finished building: dtw_05.elf.size'
' '

23:00:28 Build Finished (took 2s.211ms)

