23:00:21 **** Build of configuration Debug for project dtw_07 ****
make pre-build main-build 
a9-linaro-pre-build-step
' '
'Building file: ../src/dtw_07.cc'
'Invoking: ARM v7 g++ compiler'
arm-none-eabi-g++ -Wall -O0 -g3 -c -fmessage-length=0 -MT"src/dtw_07.o" -mcpu=cortex-a9 -mfpu=vfpv3 -mfloat-abi=hard -I../../standalone_bsp_0/ps7_cortexa9_0/include -MMD -MP -MF"src/dtw_07.d" -MT"src/dtw_07.o" -o "src/dtw_07.o" "../src/dtw_07.cc"
../src/dtw_07.cc:94:12: warning: 'led_data' defined but not used [-Wunused-variable]
 static int led_data;
            ^~~~~~~~
'Finished building: ../src/dtw_07.cc'
' '
'Building file: ../src/main.cc'
'Invoking: ARM v7 g++ compiler'
arm-none-eabi-g++ -Wall -O0 -g3 -c -fmessage-length=0 -MT"src/main.o" -mcpu=cortex-a9 -mfpu=vfpv3 -mfloat-abi=hard -I../../standalone_bsp_0/ps7_cortexa9_0/include -MMD -MP -MF"src/main.d" -MT"src/main.o" -o "src/main.o" "../src/main.cc"
'Finished building: ../src/main.cc'
' '
'Building target: dtw_07.elf'
'Invoking: ARM v7 g++ linker'
arm-none-eabi-g++ -mcpu=cortex-a9 -mfpu=vfpv3 -mfloat-abi=hard -Wl,-build-id=none -specs=Xilinx.spec -Wl,-T -Wl,../src/lscript.ld -L../../standalone_bsp_0/ps7_cortexa9_0/lib -o "dtw_07.elf"  ./src/dtw_07.o ./src/main.o   -Wl,--start-group,-lxil,-lgcc,-lc,-lstdc++,--end-group
'Finished building target: dtw_07.elf'
' '
'Invoking: ARM v7 Print Size'
arm-none-eabi-size dtw_07.elf  |tee "dtw_07.elf.size"
   text	   data	    bss	    dec	    hex	filename
  83888	   3465	  24880	 112233	  1b669	dtw_07.elf
'Finished building: dtw_07.elf.size'
' '

23:00:23 Build Finished (took 2s.205ms)

