03:50:14 **** Auto Build of configuration Debug for project dtw_10 ****
make pre-build main-build 
a9-linaro-pre-build-step
' '
'Building file: ../src/OSV_DTW_8F.cc'
'Invoking: ARM v7 g++ compiler'
arm-none-eabi-g++ -Wall -O0 -g3 -c -fmessage-length=0 -MT"src/OSV_DTW_8F.o" -mcpu=cortex-a9 -mfpu=vfpv3 -mfloat-abi=hard -I../../standalone_bsp_0/ps7_cortexa9_0/include -MMD -MP -MF"src/OSV_DTW_8F.d" -MT"src/OSV_DTW_8F.o" -o "src/OSV_DTW_8F.o" "../src/OSV_DTW_8F.cc"
'Finished building: ../src/OSV_DTW_8F.cc'
' '
'Building file: ../src/main.cc'
'Invoking: ARM v7 g++ compiler'
arm-none-eabi-g++ -Wall -O0 -g3 -c -fmessage-length=0 -MT"src/main.o" -mcpu=cortex-a9 -mfpu=vfpv3 -mfloat-abi=hard -I../../standalone_bsp_0/ps7_cortexa9_0/include -MMD -MP -MF"src/main.d" -MT"src/main.o" -o "src/main.o" "../src/main.cc"
'Finished building: ../src/main.cc'
' '
'Building target: dtw_10.elf'
'Invoking: ARM v7 g++ linker'
arm-none-eabi-g++ -mcpu=cortex-a9 -mfpu=vfpv3 -mfloat-abi=hard -Wl,-build-id=none -specs=Xilinx.spec -Wl,-T -Wl,../src/lscript.ld -L../../standalone_bsp_0/ps7_cortexa9_0/lib -o "dtw_10.elf"  ./src/OSV_DTW_8F.o ./src/main.o   -Wl,--start-group,-lxil,-lgcc,-lc,-lstdc++,--end-group -Wl,--start-group,-lxilffs,-lxil,-lgcc,-lc,--end-group
'Finished building target: dtw_10.elf'
' '
'Invoking: ARM v7 Print Size'
arm-none-eabi-size dtw_10.elf  |tee "dtw_10.elf.size"
   text	   data	    bss	    dec	    hex	filename
  85816	   3465	  24880	 114161	  1bdf1	dtw_10.elf
'Finished building: dtw_10.elf.size'
' '

03:50:16 Build Finished (took 2s.331ms)

