12:20:34 **** Auto Build of configuration Debug for project mtdsDemo4 ****
make pre-build main-build 
a9-linaro-pre-build-step
' '
'Building file: ../src/MtdsDemo4.cc'
'Invoking: ARM v7 g++ compiler'
arm-none-eabi-g++ -Wall -O0 -g3 -c -fmessage-length=0 -MT"src/MtdsDemo4.o" -mcpu=cortex-a9 -mfpu=vfpv3 -mfloat-abi=hard -I../../mtdsDemo4_bsp/ps7_cortexa9_0/include -MMD -MP -MF"src/MtdsDemo4.d" -MT"src/MtdsDemo4.o" -o "src/MtdsDemo4.o" "../src/MtdsDemo4.cc"
'Finished building: ../src/MtdsDemo4.cc'
' '
'Building file: ../src/main.cc'
'Invoking: ARM v7 g++ compiler'
arm-none-eabi-g++ -Wall -O0 -g3 -c -fmessage-length=0 -MT"src/main.o" -mcpu=cortex-a9 -mfpu=vfpv3 -mfloat-abi=hard -I../../mtdsDemo4_bsp/ps7_cortexa9_0/include -MMD -MP -MF"src/main.d" -MT"src/main.o" -o "src/main.o" "../src/main.cc"
'Finished building: ../src/main.cc'
' '
'Building target: mtdsDemo4.elf'
'Invoking: ARM v7 g++ linker'
arm-none-eabi-g++ -mcpu=cortex-a9 -mfpu=vfpv3 -mfloat-abi=hard -Wl,-build-id=none -specs=Xilinx.spec -Wl,-T -Wl,../src/lscript.ld -L../../mtdsDemo4_bsp/ps7_cortexa9_0/lib -o "mtdsDemo4.elf"  ./src/MtdsDemo4.o ./src/main.o   -Wl,--start-group,-lxil,-lgcc,-lc,-lstdc++,--end-group
'Finished building target: mtdsDemo4.elf'
' '
'Invoking: ARM v7 Print Size'
arm-none-eabi-size mtdsDemo4.elf  |tee "mtdsDemo4.elf.size"
   text	   data	    bss	    dec	    hex	filename
  62600	   2644	  23572	  88816	  15af0	mtdsDemo4.elf
'Finished building: mtdsDemo4.elf.size'
' '

12:20:36 Build Finished (took 1s.971ms)

