16:06:12 **** Auto Build of configuration Debug for project mtdsDemo2 ****
make pre-build main-build 
a9-linaro-pre-build-step
' '
'Building file: ../src/MtdsDemo2.cc'
'Invoking: ARM v7 g++ compiler'
arm-none-eabi-g++ -Wall -O0 -g3 -c -fmessage-length=0 -MT"src/MtdsDemo2.o" -mcpu=cortex-a9 -mfpu=vfpv3 -mfloat-abi=hard -I../../mtdsDemo2_bsp/ps7_cortexa9_0/include -MMD -MP -MF"src/MtdsDemo2.d" -MT"src/MtdsDemo2.o" -o "src/MtdsDemo2.o" "../src/MtdsDemo2.cc"
'Finished building: ../src/MtdsDemo2.cc'
' '
'Building target: mtdsDemo2.elf'
'Invoking: ARM v7 g++ linker'
arm-none-eabi-g++ -mcpu=cortex-a9 -mfpu=vfpv3 -mfloat-abi=hard -Wl,-build-id=none -specs=Xilinx.spec -Wl,-T -Wl,../src/lscript.ld -L../../mtdsDemo2_bsp/ps7_cortexa9_0/lib -o "mtdsDemo2.elf"  ./src/MtdsDemo2.o ./src/main.o   -Wl,--start-group,-lxil,-lgcc,-lc,-lstdc++,--end-group
'Finished building target: mtdsDemo2.elf'
' '
'Invoking: ARM v7 Print Size'
arm-none-eabi-size mtdsDemo2.elf  |tee "mtdsDemo2.elf.size"
   text	   data	    bss	    dec	    hex	filename
  69620	   2652	  23556	  95828	  17654	mtdsDemo2.elf
'Finished building: mtdsDemo2.elf.size'
' '

16:06:13 Build Finished (took 1s.567ms)

